
> wk-community-os-frontend@1.0.0 build
> vite build

[36mvite v6.4.3 [32mbuilding for production...[36m[39m
transforming...
[32m✓[39m 2672 modules transformed.
rendering chunks...
computing gzip size...
[2m../public/[22m[32mindex.html                 [39m[1m[2m    1.45 kB[22m[1m[22m[2m │ gzip:   0.65 kB[22m
[2m../public/[22m[35massets/index-CBTC3Mof.css  [39m[1m[2m  106.88 kB[22m[1m[22m[2m │ gzip:  16.22 kB[22m
[2m../public/[22m[36massets/index-DWisngE_.js   [39m[1m[33m1,798.60 kB[39m[22m[2m │ gzip: 437.10 kB[22m
[32m✓ built in 2m 56s[39m
